Archive member included to satisfy reference by file (symbol)

c:/program files (x86)/atmel/studio/7.0/toolchain/avr8/avr8-gnu-toolchain/bin/../lib/gcc/avr/5.4.0/avrxmega6\libgcc.a(_udivmodsi4.o)
                              src/ASF/xmega/drivers/spi/spi.o (__udivmodsi4)
c:/program files (x86)/atmel/studio/7.0/toolchain/avr8/avr8-gnu-toolchain/bin/../lib/gcc/avr/5.4.0/avrxmega6\libgcc.a(_exit.o)
                              C:/Program Files (x86)/Atmel/Studio/7.0/Packs/atmel/XMEGAA_DFP/1.1.68/gcc/dev/atxmega256a3bu/avrxmega6/crtatxmega256a3bu.o (exit)
c:/program files (x86)/atmel/studio/7.0/toolchain/avr8/avr8-gnu-toolchain/bin/../lib/gcc/avr/5.4.0/avrxmega6\libgcc.a(_tablejump2.o)
                              src/FreeRTOS/timers.o (__tablejump2__)
c:/program files (x86)/atmel/studio/7.0/toolchain/avr8/avr8-gnu-toolchain/bin/../lib/gcc/avr/5.4.0/avrxmega6\libgcc.a(_copy_data.o)
                              src/ASF/common/services/gfx_mono/gfx_mono_menu.o (__do_copy_data)
c:/program files (x86)/atmel/studio/7.0/toolchain/avr8/avr8-gnu-toolchain/bin/../lib/gcc/avr/5.4.0/avrxmega6\libgcc.a(_clear_bss.o)
                              src/ASF/common/services/gfx_mono/gfx_mono_c12832_a1z.o (__do_clear_bss)
c:/program files (x86)/atmel/studio/7.0/toolchain/avr8/avr8-gnu-toolchain/bin/../lib/gcc/avr/5.4.0/../../../../avr/lib/avrxmega6\libc.a(malloc.o)
                              src/FreeRTOS/portable/MemMang/heap_3.o (malloc)
c:/program files (x86)/atmel/studio/7.0/toolchain/avr8/avr8-gnu-toolchain/bin/../lib/gcc/avr/5.4.0/../../../../avr/lib/avrxmega6\libc.a(memcpy.o)
                              src/ASF/xmega/drivers/nvm/nvm.o (memcpy)
c:/program files (x86)/atmel/studio/7.0/toolchain/avr8/avr8-gnu-toolchain/bin/../lib/gcc/avr/5.4.0/../../../../avr/lib/avrxmega6\libc.a(strcmp.o)
                              src/main.o (strcmp)
c:/program files (x86)/atmel/studio/7.0/toolchain/avr8/avr8-gnu-toolchain/bin/../lib/gcc/avr/5.4.0/../../../../avr/lib/avrxmega6\libc.a(strcpy.o)
                              src/main.o (strcpy)
c:/program files (x86)/atmel/studio/7.0/toolchain/avr8/avr8-gnu-toolchain/bin/../lib/gcc/avr/5.4.0/../../../../avr/lib/avrxmega6\libc.a(printf.o)
                              src/main.o (printf)
c:/program files (x86)/atmel/studio/7.0/toolchain/avr8/avr8-gnu-toolchain/bin/../lib/gcc/avr/5.4.0/../../../../avr/lib/avrxmega6\libc.a(snprintf.o)
                              src/main.o (snprintf)
c:/program files (x86)/atmel/studio/7.0/toolchain/avr8/avr8-gnu-toolchain/bin/../lib/gcc/avr/5.4.0/../../../../avr/lib/avrxmega6\libc.a(vfprintf_std.o)
                              c:/program files (x86)/atmel/studio/7.0/toolchain/avr8/avr8-gnu-toolchain/bin/../lib/gcc/avr/5.4.0/../../../../avr/lib/avrxmega6\libc.a(printf.o) (vfprintf)
c:/program files (x86)/atmel/studio/7.0/toolchain/avr8/avr8-gnu-toolchain/bin/../lib/gcc/avr/5.4.0/../../../../avr/lib/avrxmega6\libc.a(strnlen_P.o)
                              c:/program files (x86)/atmel/studio/7.0/toolchain/avr8/avr8-gnu-toolchain/bin/../lib/gcc/avr/5.4.0/../../../../avr/lib/avrxmega6\libc.a(vfprintf_std.o) (strnlen_P)
c:/program files (x86)/atmel/studio/7.0/toolchain/avr8/avr8-gnu-toolchain/bin/../lib/gcc/avr/5.4.0/../../../../avr/lib/avrxmega6\libc.a(strnlen.o)
                              c:/program files (x86)/atmel/studio/7.0/toolchain/avr8/avr8-gnu-toolchain/bin/../lib/gcc/avr/5.4.0/../../../../avr/lib/avrxmega6\libc.a(vfprintf_std.o) (strnlen)
c:/program files (x86)/atmel/studio/7.0/toolchain/avr8/avr8-gnu-toolchain/bin/../lib/gcc/avr/5.4.0/../../../../avr/lib/avrxmega6\libc.a(fputc.o)
                              c:/program files (x86)/atmel/studio/7.0/toolchain/avr8/avr8-gnu-toolchain/bin/../lib/gcc/avr/5.4.0/../../../../avr/lib/avrxmega6\libc.a(vfprintf_std.o) (fputc)
c:/program files (x86)/atmel/studio/7.0/toolchain/avr8/avr8-gnu-toolchain/bin/../lib/gcc/avr/5.4.0/../../../../avr/lib/avrxmega6\libc.a(iob.o)
                              c:/program files (x86)/atmel/studio/7.0/toolchain/avr8/avr8-gnu-toolchain/bin/../lib/gcc/avr/5.4.0/../../../../avr/lib/avrxmega6\libc.a(printf.o) (__iob)
c:/program files (x86)/atmel/studio/7.0/toolchain/avr8/avr8-gnu-toolchain/bin/../lib/gcc/avr/5.4.0/../../../../avr/lib/avrxmega6\libc.a(ultoa_invert.o)
                              c:/program files (x86)/atmel/studio/7.0/toolchain/avr8/avr8-gnu-toolchain/bin/../lib/gcc/avr/5.4.0/../../../../avr/lib/avrxmega6\libc.a(vfprintf_std.o) (__ultoa_invert)

Allocating common symbols
Common symbol       size              file

xMutexAccessControl
                    0x2               src/main.o
xQueueSemaphoreDoor
                    0x2               src/main.o
__brkval            0x2               c:/program files (x86)/atmel/studio/7.0/toolchain/avr8/avr8-gnu-toolchain/bin/../lib/gcc/avr/5.4.0/../../../../avr/lib/avrxmega6\libc.a(malloc.o)
xMutexSystemDeactive
                    0x2               src/main.o
xQueueAccessStatus  0x2               src/main.o
[...]
Memory Configuration

Name             Origin             Length             Attributes
text             0x00000000         0x00100000         xr
data             0x00802000         0x0000ffa0         rw !x
eeprom           0x00810000         0x00010000         rw !x
fuse             0x00820000         0x00000006         rw !x
lock             0x00830000         0x00000400         rw !x
signature        0x00840000         0x00000400         rw !x
user_signatures  0x00850000         0x00000400         rw !x
*default*        0x00000000         0xffffffff

Linker script and memory map

LOAD C:/Program Files (x86)/Atmel/Studio/7.0/Packs/atmel/XMEGAA_DFP/1.1.68/gcc/dev/atxmega256a3bu/avrxmega6/crtatxmega256a3bu.o
LOAD src/ASF/common/components/display/st7565r/st7565r.o
LOAD src/ASF/common/services/clock/xmega/sysclk.o
LOAD src/ASF/common/services/gfx_mono/gfx_mono_c12832_a1z.o
LOAD src/ASF/common/services/gfx_mono/gfx_mono_framebuffer.o
LOAD src/ASF/common/services/gfx_mono/gfx_mono_generic.o
LOAD src/ASF/common/services/gfx_mono/gfx_mono_menu.o
LOAD src/ASF/common/services/gfx_mono/gfx_mono_text.o
LOAD src/ASF/common/services/gfx_mono/sysfont.o
LOAD src/ASF/common/services/ioport/xmega/ioport_compat.o
LOAD src/ASF/common/services/serial/usart_serial.o
LOAD src/ASF/common/services/spi/xmega_spi/spi_master.o
LOAD src/ASF/common/services/spi/xmega_usart_spi/usart_spi.o
LOAD src/ASF/xmega/boards/xmega_a3bu_xplained/init.o
LOAD src/ASF/xmega/drivers/cpu/ccp.o
LOAD src/ASF/xmega/drivers/nvm/nvm.o
LOAD src/ASF/xmega/drivers/nvm/nvm_asm.o
LOAD src/ASF/xmega/drivers/spi/spi.o
LOAD src/ASF/xmega/drivers/usart/usart.o
LOAD src/FreeRTOS/croutine.o
LOAD src/FreeRTOS/event_groups.o
LOAD src/FreeRTOS/list.o
LOAD src/FreeRTOS/portable/GCC/ATXMega256A3BU/port.o
LOAD src/FreeRTOS/portable/MemMang/heap_3.o
LOAD src/FreeRTOS/queue.o
LOAD src/FreeRTOS/tasks.o
LOAD src/FreeRTOS/timers.o
LOAD src/main.o
START GROUP
LOAD c:/program files (x86)/atmel/studio/7.0/toolchain/avr8/avr8-gnu-toolchain/bin/../lib/gcc/avr/5.4.0/../../../../avr/lib/avrxmega6\libm.a
END GROUP
Address of section .BOOT set to 0x40000
START GROUP
LOAD c:/program files (x86)/atmel/studio/7.0/toolchain/avr8/avr8-gnu-toolchain/bin/../lib/gcc/avr/5.4.0/avrxmega6\libgcc.a
LOAD c:/program files (x86)/atmel/studio/7.0/toolchain/avr8/avr8-gnu-toolchain/bin/../lib/gcc/avr/5.4.0/../../../../avr/lib/avrxmega6\libm.a
LOAD c:/program files (x86)/atmel/studio/7.0/toolchain/avr8/avr8-gnu-toolchain/bin/../lib/gcc/avr/5.4.0/../../../../avr/lib/avrxmega6\libc.a
LOAD C:/Program Files (x86)/Atmel/Studio/7.0/Packs/atmel/XMEGAA_DFP/1.1.68/gcc/dev/atxmega256a3bu/avrxmega6\libatxmega256a3bu.a
END GROUP
                0x00000000                __TEXT_REGION_ORIGIN__ = DEFINED (__TEXT_REGION_ORIGIN__)?__TEXT_REGION_ORIGIN__:0x0
                0x00802000                __DATA_REGION_ORIGIN__ = DEFINED (__DATA_REGION_ORIGIN__)?__DATA_REGION_ORIGIN__:0x802000
                0x00100000                __TEXT_REGION_LENGTH__ = DEFINED (__TEXT_REGION_LENGTH__)?__TEXT_REGION_LENGTH__:0x100000
                0x0000ffa0                __DATA_REGION_LENGTH__ = DEFINED (__DATA_REGION_LENGTH__)?__DATA_REGION_LENGTH__:0xffa0
                0x00010000                __EEPROM_REGION_LENGTH__ = DEFINED (__EEPROM_REGION_LENGTH__)?__EEPROM_REGION_LENGTH__:0x10000
                [0x00000006]                __FUSE_REGION_LENGTH__ = DEFINED (__FUSE_REGION_LENGTH__)?__FUSE_REGION_LENGTH__:0x400
                0x00000400                __LOCK_REGION_LENGTH__ = DEFINED (__LOCK_REGION_LENGTH__)?__LOCK_REGION_LENGTH__:0x400
                0x00000400                __SIGNATURE_REGION_LENGTH__ = DEFINED (__SIGNATURE_REGION_LENGTH__)?__SIGNATURE_REGION_LENGTH__:0x400
                0x00000400                __USER_SIGNATURE_REGION_LENGTH__ = DEFINED (__USER_SIGNATURE_REGION_LENGTH__)?__USER_SIGNATURE_REGION_LENGTH__:0x400

.hash
 *(.hash)

.dynsym
 *(.dynsym)

.dynstr
 *(.dynstr)

.gnu.version
 *(.gnu.version)

.gnu.version_d
 *(.gnu.version_d)

.gnu.version_r
 *(.gnu.version_r)

.rel.init
 *(.rel.init)

.rela.init
 *(.rela.init)

.rel.text
 *(.rel.text)
 *(.rel.text.*)
 *(.rel.gnu.linkonce.t*)

.rela.text
 *(.rela.text)
 *(.rela.text.*)
 *(.rela.gnu.linkonce.t*)

.rel.fini
 *(.rel.fini)

.rela.fini
 *(.rela.fini)

.rel.rodata
 *(.rel.rodata)
 *(.rel.rodata.*)
 *(.rel.gnu.linkonce.r*)

.rela.rodata
 *(.rela.rodata)
 *(.rela.rodata.*)
 *(.rela.gnu.linkonce.r*)

.rel.data
 *(.rel.data)
 *(.rel.data.*)
 *(.rel.gnu.linkonce.d*)

.rela.data
 *(.rela.data)
 *(.rela.data.*)
 *(.rela.gnu.linkonce.d*)

.rel.ctors
 *(.rel.ctors)

.rela.ctors
 *(.rela.ctors)

.rel.dtors
 *(.rel.dtors)

.rela.dtors
 *(.rela.dtors)

.rel.got
 *(.rel.got)

.rela.got
 *(.rela.got)

.rel.bss
 *(.rel.bss)

.rela.bss
 *(.rela.bss)

.rel.plt
 *(.rel.plt)

.rela.plt
 *(.rela.plt)

.text           0x00000000     0x44f6
 *(.vectors)
 .vectors       0x00000000      0x1fc C:/Program Files (x86)/Atmel/Studio/7.0/Packs/atmel/XMEGAA_DFP/1.1.68/gcc/dev/atxmega256a3bu/avrxmega6/crtatxmega256a3bu.o
                0x00000000                __vector_default
                0x00000000                __vectors
 *(.vectors)
 *(.progmem.gcc*)
 .progmem.gcc_sw_table.prvTimerTask
                0x000001fc       0x14 src/FreeRTOS/timers.o
                0x00000210                . = ALIGN (0x2)
                0x00000210                __trampolines_start = .
 *(.trampolines)
 .trampolines   0x00000210        0x0 linker stubs
 *(.trampolines*)
                0x00000210                __trampolines_end = .
 *libprintf_flt.a:*(.progmem.data)
 *libc.a:*(.progmem.data)
 *(.progmem*)
 .progmem.data.sysfont_glyphs
                0x00000210      0x292 src/ASF/common/services/gfx_mono/sysfont.o
                0x000004a2                . = ALIGN (0x2)
 *(.jumptables)
 *(.jumptables*)
 *(.lowtext)
 *(.lowtext*)
                0x000004a2                __ctors_start = .
 *(.ctors)
                0x000004a2                __ctors_end = .
                0x000004a2                __dtors_start = .
 *(.dtors)
                0x000004a2                __dtors_end = .
 SORT(*)(.ctors)
 SORT(*)(.dtors)
 *(.init0)
 .init0         0x000004a2        0x0 C:/Program Files (x86)/Atmel/Studio/7.0/Packs/atmel/XMEGAA_DFP/1.1.68/gcc/dev/atxmega256a3bu/avrxmega6/crtatxmega256a3bu.o
                0x000004a2                __init
 *(.init0)
 *(.init1)
 *(.init1)
 *(.init2)
 .init2         0x000004a2       0x10 C:/Program Files (x86)/Atmel/Studio/7.0/Packs/atmel/XMEGAA_DFP/1.1.68/gcc/dev/atxmega256a3bu/avrxmega6/crtatxmega256a3bu.o
 *(.init2)
 *(.init3)
 *(.init3)
 *(.init4)
 .init4         0x000004b2       0x1a c:/program files (x86)/atmel/studio/7.0/toolchain/avr8/avr8-gnu-toolchain/bin/../lib/gcc/avr/5.4.0/avrxmega6\libgcc.a(_copy_data.o)
                0x000004b2                __do_copy_data
 .init4         0x000004cc       0x10 c:/program files (x86)/atmel/studio/7.0/toolchain/avr8/avr8-gnu-toolchain/bin/../lib/gcc/avr/5.4.0/avrxmega6\libgcc.a(_clear_bss.o)
                0x000004cc                __do_clear_bss
 *(.init4)
 *(.init5)
 *(.init5)
 *(.init6)
 *(.init6)
 *(.init7)
 *(.init7)
 *(.init8)
 *(.init8)
 *(.init9)
 .init9         0x000004dc        0x8 C:/Program Files (x86)/Atmel/Studio/7.0/Packs/atmel/XMEGAA_DFP/1.1.68/gcc/dev/atxmega256a3bu/avrxmega6/crtatxmega256a3bu.o
 *(.init9)
 *(.text)
 .text          0x000004e4        0x2 C:/Program Files (x86)/Atmel/Studio/7.0/Packs/atmel/XMEGAA_DFP/1.1.68/gcc/dev/atxmega256a3bu/avrxmega6/crtatxmega256a3bu.o
                0x000004e4                __vector_38
                0x000004e4                __vector_104
                0x000004e4                __vector_22
                0x000004e4                __vector_63
                0x000004e4                __vector_28
                0x000004e4                __vector_67
                0x000004e4                __vector_1
                0x000004e4                __vector_119
                0x000004e4                __vector_32
                0x000004e4                __vector_75
                0x000004e4                __vector_71
                0x000004e4                __vector_91
                0x000004e4                __vector_34
                0x000004e4                __vector_62
                0x000004e4                __vector_77
                0x000004e4                __vector_102
                0x000004e4                __vector_24
                0x000004e4                __vector_12
                0x000004e4                __vector_55
                0x000004e4                __vector_69
                0x000004e4                __vector_81
                0x000004e4                __vector_90
                0x000004e4                __vector_46
                0x000004e4                __bad_interrupt
                0x000004e4                __vector_122
                0x000004e4                __vector_72
                0x000004e4                __vector_114
                0x000004e4                __vector_6
                0x000004e4                __vector_110
                0x000004e4                __vector_31
                0x000004e4                __vector_92
                0x000004e4                __vector_35
                0x000004e4                __vector_78
                0x000004e4                __vector_74
                0x000004e4                __vector_117
                0x000004e4                __vector_39
                0x000004e4                __vector_107
                0x000004e4                __vector_3
                0x000004e4                __vector_105
                0x000004e4                __vector_98
                0x000004e4                __vector_23
                0x000004e4                __vector_68
                0x000004e4                __vector_30
                0x000004e4                __vector_73
                0x000004e4                __vector_45
                0x000004e4                __vector_25
                0x000004e4                __vector_93
                0x000004e4                __vector_61
                0x000004e4                __vector_11
                0x000004e4                __vector_54
                0x000004e4                __vector_99
                0x000004e4                __vector_13
                0x000004e4                __vector_17
                0x000004e4                __vector_19
                0x000004e4                __vector_56
                0x000004e4                __vector_7
                0x000004e4                __vector_125
                0x000004e4                __vector_49
                0x000004e4                __vector_123
                0x000004e4                __vector_41
                0x000004e4                __vector_86
                0x000004e4                __vector_100
                0x000004e4                __vector_101
                0x000004e4                __vector_64
                0x000004e4                __vector_88
                0x000004e4                __vector_109
                0x000004e4                __vector_43
                0x000004e4                __vector_27
                0x000004e4                __vector_5
                0x000004e4                __vector_113
                0x000004e4                __vector_33
                0x000004e4                __vector_76
                0x000004e4                __vector_115
                0x000004e4                __vector_47
                0x000004e4                __vector_52
                0x000004e4                __vector_37
                0x000004e4                __vector_95
                0x000004e4                __vector_103
                0x000004e4                __vector_96
                0x000004e4                __vector_89
                0x000004e4                __vector_108
                0x000004e4                __vector_4
                0x000004e4                __vector_44
                0x000004e4                __vector_82
                0x000004e4                __vector_106
                0x000004e4                __vector_118
                0x000004e4                __vector_51
                0x000004e4                __vector_9
                0x000004e4                __vector_2
                0x000004e4                __vector_21
                0x000004e4                __vector_15
                0x000004e4                __vector_66
                0x000004e4                __vector_36
                0x000004e4                __vector_79
                0x000004e4                __vector_58
                0x000004e4                __vector_70
                0x000004e4                __vector_83
                0x000004e4                __vector_29
                0x000004e4                __vector_60
                0x000004e4                __vector_121
                0x000004e4                __vector_40
                0x000004e4                __vector_85
                0x000004e4                __vector_94
                0x000004e4                __vector_126
                0x000004e4                __vector_8
                0x000004e4                __vector_26
                0x000004e4                __vector_48
                0x000004e4                __vector_124
                0x000004e4                __vector_116
                0x000004e4                __vector_112
                0x000004e4                __vector_111
                0x000004e4                __vector_80
                0x000004e4                __vector_84
                0x000004e4                __vector_57
                0x000004e4                __vector_53
                0x000004e4                __vector_10
                0x000004e4                __vector_50
                0x000004e4                __vector_16
                0x000004e4                __vector_59
                0x000004e4                __vector_18
                0x000004e4                __vector_97
                0x000004e4                __vector_20
                0x000004e4                __vector_42
                0x000004e4                __vector_87
                0x000004e4                __vector_65
                0x000004e4                __vector_120
                0x000004e6                . = ALIGN (0x2)
 *(.text.*)
 .text.__portable_avr_delay_cycles
                0x000004e6       0x16 src/ASF/common/components/display/st7565r/st7565r.o
 .text.st7565r_init
                0x000004fc      0x388 src/ASF/common/components/display/st7565r/st7565r.o
                0x000004fc                st7565r_init
 .text.sysclk_init
                0x00000884       0x20 src/ASF/common/services/clock/xmega/sysclk.o
                0x00000884                sysclk_init
 .text.sysclk_enable_module
                0x000008a4       0x2c src/ASF/common/services/clock/xmega/sysclk.o
                0x000008a4                sysclk_enable_module
 .text.gfx_mono_st7565r_put_byte
                0x000008d0      0x14e src/ASF/common/services/gfx_mono/gfx_mono_c12832_a1z.o
                0x000008d0                gfx_mono_st7565r_put_byte
 .text.gfx_mono_st7565r_init
                0x00000a1e       0x84 src/ASF/common/services/gfx_mono/gfx_mono_c12832_a1z.o
                0x00000a1e                gfx_mono_st7565r_init
 .text.gfx_mono_st7565r_draw_pixel
                0x00000aa2       0x6c src/ASF/common/services/gfx_mono/gfx_mono_c12832_a1z.o
                0x00000aa2                gfx_mono_st7565r_draw_pixel
 .text.gfx_mono_st7565r_get_byte
                0x00000b0e        0x4 src/ASF/common/services/gfx_mono/gfx_mono_c12832_a1z.o
                0x00000b0e                gfx_mono_st7565r_get_byte
 .text.gfx_mono_set_framebuffer
                0x00000b12        0xa src/ASF/common/services/gfx_mono/gfx_mono_framebuffer.o
                0x00000b12                gfx_mono_set_framebuffer
 .text.gfx_mono_framebuffer_put_byte
                0x00000b1c       0x1c src/ASF/common/services/gfx_mono/gfx_mono_framebuffer.o
                0x00000b1c                gfx_mono_framebuffer_put_byte
 .text.gfx_mono_framebuffer_get_byte
                0x00000b38       0x1c src/ASF/common/services/gfx_mono/gfx_mono_framebuffer.o
                0x00000b38                gfx_mono_framebuffer_get_byte
 .text.gfx_mono_generic_draw_horizontal_line
                0x00000b54       0xc4 src/ASF/common/services/gfx_mono/gfx_mono_generic.o
                0x00000b54                gfx_mono_generic_draw_horizontal_line
 .text.gfx_mono_generic_draw_filled_rect
                0x00000c18       0x34 src/ASF/common/services/gfx_mono/gfx_mono_generic.o
                0x00000c18                gfx_mono_generic_draw_filled_rect
 .text.gfx_mono_draw_char
                0x00000c4c       0xba src/ASF/common/services/gfx_mono/gfx_mono_text.o
                0x00000c4c                gfx_mono_draw_char
 .text.gfx_mono_draw_string
                0x00000d06       0x52 src/ASF/common/services/gfx_mono/gfx_mono_text.o
                0x00000d06                gfx_mono_draw_string
 .text.ioport_configure_port_pin
                0x00000d58       0x4e src/ASF/common/services/ioport/xmega/ioport_compat.o
                0x00000d58                ioport_configure_port_pin
 .text.usart_spi_init
                0x00000da6       0x5e src/ASF/common/services/spi/xmega_usart_spi/usart_spi.o
                0x00000da6                usart_spi_init
 .text.usart_spi_setup_device
                0x00000e04       0x34 src/ASF/common/services/spi/xmega_usart_spi/usart_spi.o
                0x00000e04                usart_spi_setup_device
 .text.usart_spi_select_device
                0x00000e38       0x2c src/ASF/common/services/spi/xmega_usart_spi/usart_spi.o
                0x00000e38                usart_spi_select_device
 .text.usart_spi_deselect_device
                0x00000e64       0x2c src/ASF/common/services/spi/xmega_usart_spi/usart_spi.o
                0x00000e64                usart_spi_deselect_device
 .text.board_init
                0x00000e90      0x13a src/ASF/xmega/boards/xmega_a3bu_xplained/init.o
                0x00000e90                board_init
 .text.usart_set_baudrate
                0x00000fca      0x226 src/ASF/xmega/drivers/usart/usart.o
                0x00000fca                usart_set_baudrate
 .text.usart_init_rs232
                0x000011f0      0x222 src/ASF/xmega/drivers/usart/usart.o
                0x000011f0                usart_init_rs232
 .text.usart_spi_set_baudrate
                0x00001412       0x64 src/ASF/xmega/drivers/usart/usart.o
                0x00001412                usart_spi_set_baudrate
 .text.usart_init_spi
                0x00001476      0x3c8 src/ASF/xmega/drivers/usart/usart.o
                0x00001476                usart_init_spi
 .text.vListInitialise
                0x0000183e       0x1c src/FreeRTOS/list.o
                0x0000183e                vListInitialise
 .text.vListInitialiseItem
                0x0000185a        0x8 src/FreeRTOS/list.o
                0x0000185a                vListInitialiseItem
 .text.vListInsertEnd
                0x00001862       0x42 src/FreeRTOS/list.o
                0x00001862                vListInsertEnd
 .text.vListInsert
                0x000018a4       0x62 src/FreeRTOS/list.o
                0x000018a4                vListInsert
 .text.uxListRemove
                0x00001906       0x4c src/FreeRTOS/list.o
                0x00001906                uxListRemove
 .text.pxPortInitialiseStack
                0x00001952       0xee src/FreeRTOS/portable/GCC/ATXMega256A3BU/port.o
                0x00001952                pxPortInitialiseStack
 .text.xPortStartScheduler
                0x00001a40       0x8a src/FreeRTOS/portable/GCC/ATXMega256A3BU/port.o
                0x00001a40                xPortStartScheduler
 .text.vPortYield
                0x00001aca       0xb0 src/FreeRTOS/portable/GCC/ATXMega256A3BU/port.o
                0x00001aca                vPortYield
 .text.__vector_14
                0x00001b7a       0xb4 src/FreeRTOS/portable/GCC/ATXMega256A3BU/port.o
                0x00001b7a                __vector_14
 .text.pvPortMalloc
                0x00001c2e       0x1a src/FreeRTOS/portable/MemMang/heap_3.o
                0x00001c2e                pvPortMalloc
 .text.vPortFree
                0x00001c48       0x1a src/FreeRTOS/portable/MemMang/heap_3.o
                0x00001c48                vPortFree
 .text.prvCopyDataToQueue
                0x00001c62       0xbe src/FreeRTOS/queue.o
 .text.prvCopyDataFromQueue
                0x00001d20       0x34 src/FreeRTOS/queue.o
 .text.prvUnlockQueue
                0x00001d54       0x90 src/FreeRTOS/queue.o
 .text.xQueueGenericReset
                0x00001de4       0x72 src/FreeRTOS/queue.o
                0x00001de4                xQueueGenericReset
 .text.xQueueGenericCreate
                0x00001e56       0x52 src/FreeRTOS/queue.o
                0x00001e56                xQueueGenericCreate
 .text.xQueueGenericSend
                0x00001ea8      0x11a src/FreeRTOS/queue.o
                0x00001ea8                xQueueGenericSend
 .text.xQueueCreateMutex
                0x00001fc2       0x50 src/FreeRTOS/queue.o
                0x00001fc2                xQueueCreateMutex
 .text.xQueueGenericSendFromISR
                0x00002012       0x6c src/FreeRTOS/queue.o
                0x00002012                xQueueGenericSendFromISR
 .text.xQueueGenericReceive
                0x0000207e      0x158 src/FreeRTOS/queue.o
                0x0000207e                xQueueGenericReceive
 .text.vQueueWaitForMessageRestricted
                0x000021d6       0x36 src/FreeRTOS/queue.o
                0x000021d6                vQueueWaitForMessageRestricted
 .text.prvIdleTask
                0x0000220c        0xe src/FreeRTOS/tasks.o
 .text.prvAddCurrentTaskToDelayedList
                0x0000221a       0x6a src/FreeRTOS/tasks.o
 .text.xTaskGenericCreate
                0x00002284      0x206 src/FreeRTOS/tasks.o
                0x00002284                xTaskGenericCreate
 .text.vTaskStartScheduler
                0x0000248a       0x58 src/FreeRTOS/tasks.o
                0x0000248a                vTaskStartScheduler
 .text.vTaskSuspendAll
                0x000024e2        0xc src/FreeRTOS/tasks.o
                0x000024e2                vTaskSuspendAll
 .text.xTaskGetTickCount
                0x000024ee       0x14 src/FreeRTOS/tasks.o
                0x000024ee                xTaskGetTickCount
 .text.xTaskIncrementTick
                0x00002502      0x1a6 src/FreeRTOS/tasks.o
                0x00002502                xTaskIncrementTick
 .text.xTaskResumeAll
                0x000026a8       0xfa src/FreeRTOS/tasks.o
                0x000026a8                xTaskResumeAll
 .text.vTaskDelay
                0x000027a2       0x36 src/FreeRTOS/tasks.o
                0x000027a2                vTaskDelay
 .text.vTaskSwitchContext
                0x000027d8       0xda src/FreeRTOS/tasks.o
                0x000027d8                vTaskSwitchContext
 .text.vTaskPlaceOnEventList
                0x000028b2       0x36 src/FreeRTOS/tasks.o
                0x000028b2                vTaskPlaceOnEventList
 .text.vTaskPlaceOnEventListRestricted
                0x000028e8       0x38 src/FreeRTOS/tasks.o
                0x000028e8                vTaskPlaceOnEventListRestricted
 .text.xTaskRemoveFromEventList
                0x00002920       0x90 src/FreeRTOS/tasks.o
                0x00002920                xTaskRemoveFromEventList
 .text.vTaskSetTimeOutState
                0x000029b0       0x16 src/FreeRTOS/tasks.o
                0x000029b0                vTaskSetTimeOutState
 .text.xTaskCheckForTimeOut
                0x000029c6       0x62 src/FreeRTOS/tasks.o
                0x000029c6                xTaskCheckForTimeOut
 .text.vTaskMissedYield
                0x00002a28        0x8 src/FreeRTOS/tasks.o
                0x00002a28                vTaskMissedYield
 .text.xTaskGetSchedulerState
                0x00002a30       0x1c src/FreeRTOS/tasks.o
                0x00002a30                xTaskGetSchedulerState
 .text.vTaskPriorityInherit
                0x00002a4c       0xc4 src/FreeRTOS/tasks.o
                0x00002a4c                vTaskPriorityInherit
 .text.xTaskPriorityDisinherit
                0x00002b10       0x80 src/FreeRTOS/tasks.o
                0x00002b10                xTaskPriorityDisinherit
 .text.pvTaskIncrementMutexHeldCount
                0x00002b90       0x24 src/FreeRTOS/tasks.o
                0x00002b90                pvTaskIncrementMutexHeldCount
 .text.prvInsertTimerInActiveList
                0x00002bb4       0x5e src/FreeRTOS/timers.o
 .text.prvCheckForValidListAndQueue
                0x00002c12       0x50 src/FreeRTOS/timers.o
 .text.xTimerCreateTimerTask
                0x00002c62       0x50 src/FreeRTOS/timers.o
                0x00002c62                xTimerCreateTimerTask
 .text.xTimerGenericCommand
                0x00002cb2       0x84 src/FreeRTOS/timers.o
                0x00002cb2                xTimerGenericCommand
 .text.prvSampleTimeNow
                0x00002d36       0xdc src/FreeRTOS/timers.o
 .text.prvTimerTask
                0x00002e12      0x1a6 src/FreeRTOS/timers.o
 .text.__portable_avr_delay_cycles
                0x00002fb8       0x16 src/main.o
 .text.vAccessStatusControl
                0x00002fce      0x12e src/main.o
 .text.vCheckDoor
                0x000030fc      0x1c2 src/main.o
 .text.setUpSerial
                0x000032be       0x1c src/main.o
                0x000032be                setUpSerial
 .text.receiveChar
                0x000032da       0x10 src/main.o
                0x000032da                receiveChar
 .text.receiveString
                0x000032ea       0x74 src/main.o
                0x000032ea                receiveString
 .text.vListenUART
                0x0000335e       0x94 src/main.o
 .text.setUpSerialDashboard
                0x000033f2       0x2c src/main.o
                0x000033f2                setUpSerialDashboard
 .text.sendCharE
                0x0000341e       0x20 src/main.o
                0x0000341e                sendCharE
 .text.vSendSystemStatus
                0x0000343e      0x144 src/main.o
 .text.receiveCharE
                0x00003582       0x10 src/main.o
                0x00003582                receiveCharE
 .text.receiveStringE
                0x00003592       0x74 src/main.o
                0x00003592                receiveStringE
 .text.PWM_Init
                0x00003606       0x24 src/main.o
                0x00003606                PWM_Init
 .text.vAlarmControl
                0x0000362a      0x21c src/main.o
 .text.reset_actuators
                0x00003846       0x1e src/main.o
                0x00003846                reset_actuators
 .text.reset_lcd
                0x00003864       0x42 src/main.o
                0x00003864                reset_lcd
 .text.vReceiveSystemCommand
                0x000038a6       0xe2 src/main.o
 .text.vPushButton
                0x00003988      0x184 src/main.o
 .text.main     0x00003b0c      0x13e src/main.o
                0x00003b0c                main
 .text.libgcc.div
                0x00003c4a       0x44 c:/program files (x86)/atmel/studio/7.0/toolchain/avr8/avr8-gnu-toolchain/bin/../lib/gcc/avr/5.4.0/avrxmega6\libgcc.a(_udivmodsi4.o)
                0x00003c4a                __udivmodsi4
 .text.libgcc   0x00003c8e       0x10 c:/program files (x86)/atmel/studio/7.0/toolchain/avr8/avr8-gnu-toolchain/bin/../lib/gcc/avr/5.4.0/avrxmega6\libgcc.a(_tablejump2.o)
                0x00003c8e                __tablejump2__
 .text.avr-libc
                0x00003c9e      0x242 c:/program files (x86)/atmel/studio/7.0/toolchain/avr8/avr8-gnu-toolchain/bin/../lib/gcc/avr/5.4.0/../../../../avr/lib/avrxmega6\libc.a(malloc.o)
                0x00003c9e                malloc
                0x00003dce                free
 .text.avr-libc
                0x00003ee0       0x12 c:/program files (x86)/atmel/studio/7.0/toolchain/avr8/avr8-gnu-toolchain/bin/../lib/gcc/avr/5.4.0/../../../../avr/lib/avrxmega6\libc.a(memcpy.o)
                0x00003ee0                memcpy
 .text.avr-libc
                0x00003ef2       0x12 c:/program files (x86)/atmel/studio/7.0/toolchain/avr8/avr8-gnu-toolchain/bin/../lib/gcc/avr/5.4.0/../../../../avr/lib/avrxmega6\libc.a(strcmp.o)
                0x00003ef2                strcmp
 .text.avr-libc
                0x00003f04        0xe c:/program files (x86)/atmel/studio/7.0/toolchain/avr8/avr8-gnu-toolchain/bin/../lib/gcc/avr/5.4.0/../../../../avr/lib/avrxmega6\libc.a(strcpy.o)
                0x00003f04                strcpy
 .text.avr-libc
                0x00003f12       0x26 c:/program files (x86)/atmel/studio/7.0/toolchain/avr8/avr8-gnu-toolchain/bin/../lib/gcc/avr/5.4.0/../../../../avr/lib/avrxmega6\libc.a(printf.o)
                0x00003f12                printf
 .text.avr-libc
                0x00003f38       0x6c c:/program files (x86)/atmel/studio/7.0/toolchain/avr8/avr8-gnu-toolchain/bin/../lib/gcc/avr/5.4.0/../../../../avr/lib/avrxmega6\libc.a(snprintf.o)
                0x00003f38                snprintf
 .text.avr-libc
                0x00003fa4      0x3ee c:/program files (x86)/atmel/studio/7.0/toolchain/avr8/avr8-gnu-toolchain/bin/../lib/gcc/avr/5.4.0/../../../../avr/lib/avrxmega6\libc.a(vfprintf_std.o)
                0x00003fa4                vfprintf
 .text.avr-libc
                0x00004392       0x16 c:/program files (x86)/atmel/studio/7.0/toolchain/avr8/avr8-gnu-toolchain/bin/../lib/gcc/avr/5.4.0/../../../../avr/lib/avrxmega6\libc.a(strnlen_P.o)
                0x00004392                strnlen_P
 .text.avr-libc
                0x000043a8       0x16 c:/program files (x86)/atmel/studio/7.0/toolchain/avr8/avr8-gnu-toolchain/bin/../lib/gcc/avr/5.4.0/../../../../avr/lib/avrxmega6\libc.a(strnlen.o)
                0x000043a8                strnlen
 .text.avr-libc
                0x000043be       0x78 c:/program files (x86)/atmel/studio/7.0/toolchain/avr8/avr8-gnu-toolchain/bin/../lib/gcc/avr/5.4.0/../../../../avr/lib/avrxmega6\libc.a(fputc.o)
                0x000043be                fputc
 .text.avr-libc
                0x00004436       0xbc c:/program files (x86)/atmel/studio/7.0/toolchain/avr8/avr8-gnu-toolchain/bin/../lib/gcc/avr/5.4.0/../../../../avr/lib/avrxmega6\libc.a(ultoa_invert.o)
                0x00004436                __ultoa_invert
                0x000044f2                . = ALIGN (0x2)
 *(.fini9)
 .fini9         0x000044f2        0x0 c:/program files (x86)/atmel/studio/7.0/toolchain/avr8/avr8-gnu-toolchain/bin/../lib/gcc/avr/5.4.0/avrxmega6\libgcc.a(_exit.o)
                0x000044f2                _exit
                0x000044f2                exit
 *(.fini9)
 *(.fini8)
 *(.fini8)
 *(.fini7)
 *(.fini7)
 *(.fini6)
 *(.fini6)
 *(.fini5)
 *(.fini5)
 *(.fini4)
 *(.fini4)
 *(.fini3)
 *(.fini3)
 *(.fini2)
 *(.fini2)
 *(.fini1)
 *(.fini1)
 *(.fini0)
 .fini0         0x000044f2        0x4 c:/program files (x86)/atmel/studio/7.0/toolchain/avr8/avr8-gnu-toolchain/bin/../lib/gcc/avr/5.4.0/avrxmega6\libgcc.a(_exit.o)
 *(.fini0)
                0x000044f6                _etext = .

.data           0x00802000      0x200 load address 0x000044f6
                0x00802000                PROVIDE (__data_start, .)
 *(.data)
 .data          0x00802000        0x6 c:/program files (x86)/atmel/studio/7.0/toolchain/avr8/avr8-gnu-toolchain/bin/../lib/gcc/avr/5.4.0/../../../../avr/lib/avrxmega6\libc.a(malloc.o)
                0x00802000                __malloc_heap_end
                0x00802002                __malloc_heap_start
                0x00802004                __malloc_margin
 *(.data*)
 .data.sysfont  0x00802006        0x7 src/ASF/common/services/gfx_mono/sysfont.o
                0x00802006                sysfont
 .data.xNextTaskUnblockTime
                0x0080200d        0x2 src/FreeRTOS/tasks.o
 .data.USART_SERIAL_OPTIONS.6431
                0x0080200f        0x7 src/main.o
 *(.gnu.linkonce.d*)
 *(.rodata)
 *(.rodata*)
 .rodata.str1.1
                0x00802016        0x5 src/FreeRTOS/tasks.o
 .rodata.str1.1
                0x0080201b        0x8 src/FreeRTOS/timers.o
 .rodata.str1.1
                0x00802023      0x1dc src/main.o
 *(.gnu.linkonce.r*)
                0x00802200                . = ALIGN (0x2)
 *fill*         0x008021ff        0x1 
                0x00802200                _edata = .
                0x00802200                PROVIDE (__data_end, .)

.bss            0x00802200      0x30e
                0x00802200                PROVIDE (__bss_start, .)
 *(.bss)
 *(.bss*)
 .bss.framebuffer
                0x00802200      0x200 src/ASF/common/services/gfx_mono/gfx_mono_c12832_a1z.o
 .bss.fbpointer
                0x00802400        0x2 src/ASF/common/services/gfx_mono/gfx_mono_framebuffer.o
 .bss.uxSchedulerSuspended
                0x00802402        0x1 src/FreeRTOS/tasks.o
 .bss.uxTaskNumber
                0x00802403        0x1 src/FreeRTOS/tasks.o
 .bss.xNumOfOverflows
                0x00802404        0x1 src/FreeRTOS/tasks.o
 .bss.xYieldPending
                0x00802405        0x1 src/FreeRTOS/tasks.o
 .bss.uxPendedTicks
                0x00802406        0x1 src/FreeRTOS/tasks.o
 .bss.xSchedulerRunning
                0x00802407        0x1 src/FreeRTOS/tasks.o
 .bss.uxTopReadyPriority
                0x00802408        0x1 src/FreeRTOS/tasks.o
 .bss.xTickCount
                0x00802409        0x2 src/FreeRTOS/tasks.o
 .bss.uxCurrentNumberOfTasks
                0x0080240b        0x1 src/FreeRTOS/tasks.o
 .bss.xPendingReadyList
                0x0080240c        0x9 src/FreeRTOS/tasks.o
 .bss.pxOverflowDelayedTaskList
                0x00802415        0x2 src/FreeRTOS/tasks.o
 .bss.pxDelayedTaskList
                0x00802417        0x2 src/FreeRTOS/tasks.o
 .bss.xDelayedTaskList2
                0x00802419        0x9 src/FreeRTOS/tasks.o
 .bss.xDelayedTaskList1
                0x00802422        0x9 src/FreeRTOS/tasks.o
 .bss.pxReadyTasksLists
                0x0080242b       0x2d src/FreeRTOS/tasks.o
 .bss.pxCurrentTCB
                0x00802458        0x2 src/FreeRTOS/tasks.o
                0x00802458                pxCurrentTCB
 .bss.xLastTime.4450
                0x0080245a        0x2 src/FreeRTOS/timers.o
 .bss.xTimerQueue
                0x0080245c        0x2 src/FreeRTOS/timers.o
 .bss.pxOverflowTimerList
                0x0080245e        0x2 src/FreeRTOS/timers.o
 .bss.pxCurrentTimerList
                0x00802460        0x2 src/FreeRTOS/timers.o
 .bss.xActiveTimerList2
                0x00802462        0x9 src/FreeRTOS/timers.o
 .bss.xActiveTimerList1
                0x0080246b        0x9 src/FreeRTOS/timers.o
 .bss.counter   0x00802474        0x2 src/main.o
                0x00802474                counter
 .bss.access_granted
                0x00802476        0x1 src/main.o
                0x00802476                access_granted
 .bss.system_deactive
                0x00802477        0x1 src/main.o
                0x00802477                system_deactive
 .bss.alarm_active
                0x00802478        0x1 src/main.o
                0x00802478                alarm_active
 .bss.system_active
                0x00802479        0x1 src/main.o
                0x00802479                system_active
 .bss.strbuf    0x0080247a       0x80 src/main.o
 *(COMMON)
 COMMON         0x008024fa        0xa src/main.o
                0x008024fa                xMutexAccessControl
                0x008024fc                xQueueSemaphoreDoor
                0x008024fe                xMutexSystemDeactive
                0x00802500                xQueueAccessStatus
                0x00802502                xMutexSystemActive
 COMMON         0x00802504        0x4 c:/program files (x86)/atmel/studio/7.0/toolchain/avr8/avr8-gnu-toolchain/bin/../lib/gcc/avr/5.4.0/../../../../avr/lib/avrxmega6\libc.a(malloc.o)
                0x00802504                __brkval
                0x00802506                __flp
 COMMON         0x00802508        0x6 c:/program files (x86)/atmel/studio/7.0/toolchain/avr8/avr8-gnu-toolchain/bin/../lib/gcc/avr/5.4.0/../../../../avr/lib/avrxmega6\libc.a(iob.o)
                0x00802508                __iob
                0x0080250e                PROVIDE (__bss_end, .)
                0x000044f6                __data_load_start = LOADADDR (.data)
                0x000046f6                __data_load_end = (__data_load_start + SIZEOF (.data))

.noinit         0x0080250e        0x0
                [!provide]                PROVIDE (__noinit_start, .)
 *(.noinit*)
                [!provide]                PROVIDE (__noinit_end, .)
                0x0080250e                _end = .
                0x0080250e                PROVIDE (__heap_start, .)

.eeprom         0x00810000        0x0
 *(.eeprom*)
                0x00810000                __eeprom_end = .

.fuse
 *(.fuse)
 *(.lfuse)
 *(.hfuse)
 *(.efuse)

.lock
 *(.lock*)

.signature
 *(.signature*)

.user_signatures
 *(.user_signatures*)

.stab
 *(.stab)

.stabstr
 *(.stabstr)

.stab.excl
 *(.stab.excl)

.stab.exclstr
 *(.stab.exclstr)

.stab.index
 *(.stab.index)

.stab.indexstr
 *(.stab.indexstr)

.comment        0x00000000       0x5c
 *(.comment)
 .comment       0x00000000       0x30 src/ASF/common/components/display/st7565r/st7565r.o
                                 0x31 (size before relaxing)
 .comment       0x00000030       0x31 src/ASF/common/services/clock/xmega/sysclk.o
 .comment       0x00000030       0x31 src/ASF/common/services/gfx_mono/gfx_mono_c12832_a1z.o
 .comment       0x00000030       0x31 src/ASF/common/services/gfx_mono/gfx_mono_framebuffer.o
 .comment       0x00000030       0x31 src/ASF/common/services/gfx_mono/gfx_mono_generic.o
 .comment       0x00000030       0x31 src/ASF/common/services/gfx_mono/gfx_mono_text.o
 .comment       0x00000030       0x31 src/ASF/common/services/gfx_mono/sysfont.o
 .comment       0x00000030       0x31 src/ASF/common/services/ioport/xmega/ioport_compat.o
 .comment       0x00000030       0x31 src/ASF/common/services/spi/xmega_usart_spi/usart_spi.o
 .comment       0x00000030       0x31 src/ASF/xmega/boards/xmega_a3bu_xplained/init.o
 .comment       0x00000030       0x31 src/ASF/xmega/drivers/usart/usart.o
 .comment       0x00000030       0x31 src/FreeRTOS/list.o
 .comment       0x00000030       0x31 src/FreeRTOS/portable/GCC/ATXMega256A3BU/port.o
 .comment       0x00000030       0x31 src/FreeRTOS/portable/MemMang/heap_3.o
 .comment       0x00000030       0x31 src/FreeRTOS/queue.o
 .comment       0x00000030       0x31 src/FreeRTOS/tasks.o
 .comment       0x00000030       0x31 src/FreeRTOS/timers.o
 .comment       0x00000030       0x31 src/main.o
 .comment       0x00000030       0x31 c:/program files (x86)/atmel/studio/7.0/toolchain/avr8/avr8-gnu-toolchain/bin/../lib/gcc/avr/5.4.0/../../../../avr/lib/avrxmega6\libc.a(malloc.o)
 .comment       0x00000030       0x31 c:/program files (x86)/atmel/studio/7.0/toolchain/avr8/avr8-gnu-toolchain/bin/../lib/gcc/avr/5.4.0/../../../../avr/lib/avrxmega6\libc.a(printf.o)
 .comment       0x00000030       0x31 c:/program files (x86)/atmel/studio/7.0/toolchain/avr8/avr8-gnu-toolchain/bin/../lib/gcc/avr/5.4.0/../../../../avr/lib/avrxmega6\libc.a(snprintf.o)
 .comment       0x00000030       0x2c c:/program files (x86)/atmel/studio/7.0/toolchain/avr8/avr8-gnu-toolchain/bin/../lib/gcc/avr/5.4.0/../../../../avr/lib/avrxmega6\libc.a(vfprintf_std.o)
                                 0x2d (size before relaxing)
 .comment       0x0000005c       0x31 c:/program files (x86)/atmel/studio/7.0/toolchain/avr8/avr8-gnu-toolchain/bin/../lib/gcc/avr/5.4.0/../../../../avr/lib/avrxmega6\libc.a(fputc.o)
 .comment       0x0000005c       0x31 c:/program files (x86)/atmel/studio/7.0/toolchain/avr8/avr8-gnu-toolchain/bin/../lib/gcc/avr/5.4.0/../../../../avr/lib/avrxmega6\libc.a(iob.o)

.note.gnu.avr.deviceinfo
                0x00000000       0x44
 .note.gnu.avr.deviceinfo
                0x00000000       0x44 C:/Program Files (x86)/Atmel/Studio/7.0/Packs/atmel/XMEGAA_DFP/1.1.68/gcc/dev/atxmega256a3bu/avrxmega6/crtatxmega256a3bu.o

.note.gnu.build-id
 *(.note.gnu.build-id)

.debug
 *(.debug)

.line
 *(.line)

.debug_srcinfo
 *(.debug_srcinfo)

.debug_sfnames
 *(.debug_sfnames)

.debug_aranges  0x00000000      0x648
 *(.debug_aranges)
 .debug_aranges
                0x00000000       0x28 src/ASF/common/components/display/st7565r/st7565r.o
 .debug_aranges
                0x00000028       0x40 src/ASF/common/services/clock/xmega/sysclk.o
 .debug_aranges
                0x00000068       0x60 src/ASF/common/services/gfx_mono/gfx_mono_c12832_a1z.o
 .debug_aranges
                0x000000c8       0x58 src/ASF/common/services/gfx_mono/gfx_mono_framebuffer.o
 .debug_aranges
                0x00000120       0x58 src/ASF/common/services/gfx_mono/gfx_mono_generic.o
 .debug_aranges
                0x00000178       0x40 src/ASF/common/services/gfx_mono/gfx_mono_text.o
 .debug_aranges
                0x000001b8       0x18 src/ASF/common/services/gfx_mono/sysfont.o
 .debug_aranges
                0x000001d0       0x20 src/ASF/common/services/ioport/xmega/ioport_compat.o
 .debug_aranges
                0x000001f0       0x48 src/ASF/common/services/spi/xmega_usart_spi/usart_spi.o
 .debug_aranges
                0x00000238       0x20 src/ASF/xmega/boards/xmega_a3bu_xplained/init.o
 .debug_aranges
                0x00000258       0x58 src/ASF/xmega/drivers/usart/usart.o
 .debug_aranges
                0x000002b0       0x40 src/FreeRTOS/list.o
 .debug_aranges
                0x000002f0       0x38 src/FreeRTOS/portable/GCC/ATXMega256A3BU/port.o
 .debug_aranges
                0x00000328       0x28 src/FreeRTOS/portable/MemMang/heap_3.o
 .debug_aranges
                0x00000350       0xb0 src/FreeRTOS/queue.o
 .debug_aranges
                0x00000400      0x120 src/FreeRTOS/tasks.o
 .debug_aranges
                0x00000520       0x68 src/FreeRTOS/timers.o
 .debug_aranges
                0x00000588       0xc0 src/main.o

.debug_pubnames
 *(.debug_pubnames)

.debug_info     0x00000000    0x13a9f
 *(.debug_info .gnu.linkonce.wi.*)
 .debug_info    0x00000000     0x3379 C:/Program Files (x86)/Atmel/Studio/7.0/Packs/atmel/XMEGAA_DFP/1.1.68/gcc/dev/atxmega256a3bu/avrxmega6/crtatxmega256a3bu.o
 .debug_info    0x00003379     0x1945 src/ASF/common/components/display/st7565r/st7565r.o
 .debug_info    0x00004cbe      0x71c src/ASF/common/services/clock/xmega/sysclk.o
 .debug_info    0x000053da     0x1de2 src/ASF/common/services/gfx_mono/gfx_mono_c12832_a1z.o
 .debug_info    0x000071bc      0x487 src/ASF/common/services/gfx_mono/gfx_mono_framebuffer.o
 .debug_info    0x00007643      0xc0a src/ASF/common/services/gfx_mono/gfx_mono_generic.o
 .debug_info    0x0000824d      0x715 src/ASF/common/services/gfx_mono/gfx_mono_text.o
 .debug_info    0x00008962      0x1af src/ASF/common/services/gfx_mono/sysfont.o
 .debug_info    0x00008b11      0x121 src/ASF/common/services/ioport/xmega/ioport_compat.o
 .debug_info    0x00008c32      0xb7e src/ASF/common/services/spi/xmega_usart_spi/usart_spi.o
 .debug_info    0x000097b0      0xaeb src/ASF/xmega/boards/xmega_a3bu_xplained/init.o
 .debug_info    0x0000a29b     0x2ce0 src/ASF/xmega/drivers/usart/usart.o
 .debug_info    0x0000cf7b      0x2d1 src/FreeRTOS/list.o
 .debug_info    0x0000d24c      0x9ff src/FreeRTOS/portable/GCC/ATXMega256A3BU/port.o
 .debug_info    0x0000dc4b      0x175 src/FreeRTOS/portable/MemMang/heap_3.o
 .debug_info    0x0000ddc0     0x1081 src/FreeRTOS/queue.o
 .debug_info    0x0000ee41     0x1744 src/FreeRTOS/tasks.o
 .debug_info    0x00010585      0xe0b src/FreeRTOS/timers.o
 .debug_info    0x00011390     0x270f src/main.o

.debug_abbrev   0x00000000     0x5811
 *(.debug_abbrev)
 .debug_abbrev  0x00000000     0x30c4 C:/Program Files (x86)/Atmel/Studio/7.0/Packs/atmel/XMEGAA_DFP/1.1.68/gcc/dev/atxmega256a3bu/avrxmega6/crtatxmega256a3bu.o
 .debug_abbrev  0x000030c4      0x2a0 src/ASF/common/components/display/st7565r/st7565r.o
 .debug_abbrev  0x00003364      0x218 src/ASF/common/services/clock/xmega/sysclk.o
 .debug_abbrev  0x0000357c      0x385 src/ASF/common/services/gfx_mono/gfx_mono_c12832_a1z.o
 .debug_abbrev  0x00003901      0x174 src/ASF/common/services/gfx_mono/gfx_mono_framebuffer.o
 .debug_abbrev  0x00003a75      0x1ac src/ASF/common/services/gfx_mono/gfx_mono_generic.o
 .debug_abbrev  0x00003c21      0x22b src/ASF/common/services/gfx_mono/gfx_mono_text.o
 .debug_abbrev  0x00003e4c       0xe2 src/ASF/common/services/gfx_mono/sysfont.o
 .debug_abbrev  0x00003f2e       0x95 src/ASF/common/services/ioport/xmega/ioport_compat.o
 .debug_abbrev  0x00003fc3      0x2d8 src/ASF/common/services/spi/xmega_usart_spi/usart_spi.o
 .debug_abbrev  0x0000429b      0x14a src/ASF/xmega/boards/xmega_a3bu_xplained/init.o
 .debug_abbrev  0x000043e5      0x3f5 src/ASF/xmega/drivers/usart/usart.o
 .debug_abbrev  0x000047da       0xfb src/FreeRTOS/list.o
 .debug_abbrev  0x000048d5      0x1b3 src/FreeRTOS/portable/GCC/ATXMega256A3BU/port.o
 .debug_abbrev  0x00004a88       0xdc src/FreeRTOS/portable/MemMang/heap_3.o
 .debug_abbrev  0x00004b64      0x252 src/FreeRTOS/queue.o
 .debug_abbrev  0x00004db6      0x2ff src/FreeRTOS/tasks.o
 .debug_abbrev  0x000050b5      0x2bf src/FreeRTOS/timers.o
 .debug_abbrev  0x00005374      0x49d src/main.o

.debug_line     0x00000000     0xa6f3
 *(.debug_line .debug_line.* .debug_line_end)
 .debug_line    0x00000000      0x39d C:/Program Files (x86)/Atmel/Studio/7.0/Packs/atmel/XMEGAA_DFP/1.1.68/gcc/dev/atxmega256a3bu/avrxmega6/crtatxmega256a3bu.o
 .debug_line    0x0000039d      0xac3 src/ASF/common/components/display/st7565r/st7565r.o
 .debug_line    0x00000e60      0x630 src/ASF/common/services/clock/xmega/sysclk.o
 .debug_line    0x00001490      0xda7 src/ASF/common/services/gfx_mono/gfx_mono_c12832_a1z.o
 .debug_line    0x00002237      0x918 src/ASF/common/services/gfx_mono/gfx_mono_framebuffer.o
 .debug_line    0x00002b4f      0xc04 src/ASF/common/services/gfx_mono/gfx_mono_generic.o
 .debug_line    0x00003753      0x9a2 src/ASF/common/services/gfx_mono/gfx_mono_text.o
 .debug_line    0x000040f5      0x7c2 src/ASF/common/services/gfx_mono/sysfont.o
 .debug_line    0x000048b7      0x4b4 src/ASF/common/services/ioport/xmega/ioport_compat.o
 .debug_line    0x00004d6b      0x7d6 src/ASF/common/services/spi/xmega_usart_spi/usart_spi.o
 .debug_line    0x00005541      0x4df src/ASF/xmega/boards/xmega_a3bu_xplained/init.o
 .debug_line    0x00005a20      0xc9d src/ASF/xmega/drivers/usart/usart.o
 .debug_line    0x000066bd      0x442 src/FreeRTOS/list.o
 .debug_line    0x00006aff      0x4cc src/FreeRTOS/portable/GCC/ATXMega256A3BU/port.o
 .debug_line    0x00006fcb      0x390 src/FreeRTOS/portable/MemMang/heap_3.o
 .debug_line    0x0000735b      0xaaf src/FreeRTOS/queue.o
 .debug_line    0x00007e0a      0xed3 src/FreeRTOS/tasks.o
 .debug_line    0x00008cdd      0x6a5 src/FreeRTOS/timers.o
 .debug_line    0x00009382     0x1371 src/main.o

.debug_frame    0x00000000     0x144c
 *(.debug_frame)
 .debug_frame   0x00000000       0x68 src/ASF/common/components/display/st7565r/st7565r.o
 .debug_frame   0x00000068       0x94 src/ASF/common/services/clock/xmega/sysclk.o
 .debug_frame   0x000000fc      0x1b4 src/ASF/common/services/gfx_mono/gfx_mono_c12832_a1z.o
 .debug_frame   0x000002b0       0xd0 src/ASF/common/services/gfx_mono/gfx_mono_framebuffer.o
 .debug_frame   0x00000380      0x214 src/ASF/common/services/gfx_mono/gfx_mono_generic.o
 .debug_frame   0x00000594      0x100 src/ASF/common/services/gfx_mono/gfx_mono_text.o
 .debug_frame   0x00000694       0x30 src/ASF/common/services/ioport/xmega/ioport_compat.o
 .debug_frame   0x000006c4       0x90 src/ASF/common/services/spi/xmega_usart_spi/usart_spi.o
 .debug_frame   0x00000754       0x24 src/ASF/xmega/boards/xmega_a3bu_xplained/init.o
 .debug_frame   0x00000778      0x14c src/ASF/xmega/drivers/usart/usart.o
 .debug_frame   0x000008c4       0x88 src/FreeRTOS/list.o
 .debug_frame   0x0000094c       0x60 src/FreeRTOS/portable/GCC/ATXMega256A3BU/port.o
 .debug_frame   0x000009ac       0x4c src/FreeRTOS/portable/MemMang/heap_3.o
 .debug_frame   0x000009f8      0x258 src/FreeRTOS/queue.o
 .debug_frame   0x00000c50      0x438 src/FreeRTOS/tasks.o
 .debug_frame   0x00001088      0x170 src/FreeRTOS/timers.o
 .debug_frame   0x000011f8      0x254 src/main.o

.debug_str      0x00000000    0x39976
 *(.debug_str)
 .debug_str     0x00000000     0x21e4 C:/Program Files (x86)/Atmel/Studio/7.0/Packs/atmel/XMEGAA_DFP/1.1.68/gcc/dev/atxmega256a3bu/avrxmega6/crtatxmega256a3bu.o
 .debug_str     0x000021e4    0x2c675 src/ASF/common/components/display/st7565r/st7565r.o
                              0x2ceec (size before relaxing)
 .debug_str     0x0002e859      0x3a9 src/ASF/common/services/clock/xmega/sysclk.o
                              0x2bccb (size before relaxing)
 .debug_str     0x0002ec02      0xc05 src/ASF/common/services/gfx_mono/gfx_mono_c12832_a1z.o
                              0x2d7ed (size before relaxing)
 .debug_str     0x0002f807       0xba src/ASF/common/services/gfx_mono/gfx_mono_framebuffer.o
                              0x2d408 (size before relaxing)
 .debug_str     0x0002f8c1      0x225 src/ASF/common/services/gfx_mono/gfx_mono_generic.o
                              0x2d54b (size before relaxing)
 .debug_str     0x0002fae6      0x233 src/ASF/common/services/gfx_mono/gfx_mono_text.o
                              0x2d4df (size before relaxing)
 .debug_str     0x0002fd19     0x10b0 src/ASF/common/services/gfx_mono/sysfont.o
                              0x2e33c (size before relaxing)
 .debug_str     0x00030dc9       0xab src/ASF/common/services/ioport/xmega/ioport_compat.o
                              0x2996a (size before relaxing)
 .debug_str     0x00030e74      0x1d1 src/ASF/common/services/spi/xmega_usart_spi/usart_spi.o
                              0x2c4c1 (size before relaxing)
 .debug_str     0x00031045       0xf7 src/ASF/xmega/boards/xmega_a3bu_xplained/init.o
                              0x2b5f9 (size before relaxing)
 .debug_str     0x0003113c      0xaa4 src/ASF/xmega/drivers/usart/usart.o
                              0x2d000 (size before relaxing)
 .debug_str     0x00031be0     0x2732 src/FreeRTOS/list.o
                              0x1c71f (size before relaxing)
 .debug_str     0x00034312     0x1357 src/FreeRTOS/portable/GCC/ATXMega256A3BU/port.o
                              0x1de66 (size before relaxing)
 .debug_str     0x00035669       0xca src/FreeRTOS/portable/MemMang/heap_3.o
                              0x1ca8f (size before relaxing)
 .debug_str     0x00035733     0x1236 src/FreeRTOS/queue.o
                              0x1ddbf (size before relaxing)
 .debug_str     0x00036969     0x13df src/FreeRTOS/tasks.o
                              0x1e2e0 (size before relaxing)
 .debug_str     0x00037d48      0x37d src/FreeRTOS/timers.o
                              0x1e1f6 (size before relaxing)
 .debug_str     0x000380c5     0x18b1 src/main.o
                              0x34342 (size before relaxing)

.debug_loc      0x00000000     0x9dd5
 *(.debug_loc)
 .debug_loc     0x00000000      0x7c9 src/ASF/common/components/display/st7565r/st7565r.o
 .debug_loc     0x000007c9      0x2c5 src/ASF/common/services/clock/xmega/sysclk.o
 .debug_loc     0x00000a8e     0x1382 src/ASF/common/services/gfx_mono/gfx_mono_c12832_a1z.o
 .debug_loc     0x00001e10      0x61c src/ASF/common/services/gfx_mono/gfx_mono_framebuffer.o
 .debug_loc     0x0000242c     0x11c5 src/ASF/common/services/gfx_mono/gfx_mono_generic.o
 .debug_loc     0x000035f1      0x9a2 src/ASF/common/services/gfx_mono/gfx_mono_text.o
 .debug_loc     0x00003f93       0x66 src/ASF/common/services/ioport/xmega/ioport_compat.o
 .debug_loc     0x00003ff9      0x56c src/ASF/common/services/spi/xmega_usart_spi/usart_spi.o
 .debug_loc     0x00004565      0x3fa src/ASF/xmega/boards/xmega_a3bu_xplained/init.o
 .debug_loc     0x0000495f      0xe14 src/ASF/xmega/drivers/usart/usart.o
 .debug_loc     0x00005773      0x145 src/FreeRTOS/list.o
 .debug_loc     0x000058b8      0x2b0 src/FreeRTOS/portable/GCC/ATXMega256A3BU/port.o
 .debug_loc     0x00005b68      0x102 src/FreeRTOS/portable/MemMang/heap_3.o
 .debug_loc     0x00005c6a     0x127a src/FreeRTOS/queue.o
 .debug_loc     0x00006ee4     0x1a29 src/FreeRTOS/tasks.o
 .debug_loc     0x0000890d      0xb51 src/FreeRTOS/timers.o
 .debug_loc     0x0000945e      0x977 src/main.o

.debug_macinfo
 *(.debug_macinfo)

.debug_weaknames
 *(.debug_weaknames)

.debug_funcnames
 *(.debug_funcnames)

.debug_typenames
 *(.debug_typenames)

.debug_varnames
 *(.debug_varnames)

.debug_pubtypes
 *(.debug_pubtypes)

.debug_ranges   0x00000000      0x818
 *(.debug_ranges)
 .debug_ranges  0x00000000       0x18 src/ASF/common/components/display/st7565r/st7565r.o
 .debug_ranges  0x00000018       0x30 src/ASF/common/services/clock/xmega/sysclk.o
 .debug_ranges  0x00000048      0x188 src/ASF/common/services/gfx_mono/gfx_mono_c12832_a1z.o
 .debug_ranges  0x000001d0       0x48 src/ASF/common/services/gfx_mono/gfx_mono_framebuffer.o
 .debug_ranges  0x00000218       0x48 src/ASF/common/services/gfx_mono/gfx_mono_generic.o
 .debug_ranges  0x00000260       0x30 src/ASF/common/services/gfx_mono/gfx_mono_text.o
 .debug_ranges  0x00000290       0x10 src/ASF/common/services/ioport/xmega/ioport_compat.o
 .debug_ranges  0x000002a0       0x98 src/ASF/common/services/spi/xmega_usart_spi/usart_spi.o
 .debug_ranges  0x00000338       0x10 src/ASF/xmega/boards/xmega_a3bu_xplained/init.o
 .debug_ranges  0x00000348       0x80 src/ASF/xmega/drivers/usart/usart.o
 .debug_ranges  0x000003c8       0x30 src/FreeRTOS/list.o
 .debug_ranges  0x000003f8       0x28 src/FreeRTOS/portable/GCC/ATXMega256A3BU/port.o
 .debug_ranges  0x00000420       0x18 src/FreeRTOS/portable/MemMang/heap_3.o
 .debug_ranges  0x00000438       0xa0 src/FreeRTOS/queue.o
 .debug_ranges  0x000004d8      0x170 src/FreeRTOS/tasks.o
 .debug_ranges  0x00000648       0xb0 src/FreeRTOS/timers.o
 .debug_ranges  0x000006f8      0x120 src/main.o

.debug_macro    0x00000000     0xc916
 *(.debug_macro)
 .debug_macro   0x00000000      0x276 src/ASF/common/components/display/st7565r/st7565r.o
 .debug_macro   0x00000276      0xa9c src/ASF/common/components/display/st7565r/st7565r.o
 .debug_macro   0x00000d12       0x10 src/ASF/common/components/display/st7565r/st7565r.o
 .debug_macro   0x00000d22      0x1c9 src/ASF/common/components/display/st7565r/st7565r.o
 .debug_macro   0x00000eeb      0x2fc src/ASF/common/components/display/st7565r/st7565r.o
 .debug_macro   0x000011e7       0x9e src/ASF/common/components/display/st7565r/st7565r.o
 .debug_macro   0x00001285     0x6271 src/ASF/common/components/display/st7565r/st7565r.o
 .debug_macro   0x000074f6       0x9a src/ASF/common/components/display/st7565r/st7565r.o
 .debug_macro   0x00007590       0xf1 src/ASF/common/components/display/st7565r/st7565r.o
 .debug_macro   0x00007681       0x34 src/ASF/common/components/display/st7565r/st7565r.o
 .debug_macro   0x000076b5       0x16 src/ASF/common/components/display/st7565r/st7565r.o
 .debug_macro   0x000076cb       0x18 src/ASF/common/components/display/st7565r/st7565r.o
 .debug_macro   0x000076e3       0x5e src/ASF/common/components/display/st7565r/st7565r.o
 .debug_macro   0x00007741       0x10 src/ASF/common/components/display/st7565r/st7565r.o
 .debug_macro   0x00007751       0x22 src/ASF/common/components/display/st7565r/st7565r.o
 .debug_macro   0x00007773      0x16d src/ASF/common/components/display/st7565r/st7565r.o
 .debug_macro   0x000078e0       0x1c src/ASF/common/components/display/st7565r/st7565r.o
 .debug_macro   0x000078fc       0x35 src/ASF/common/components/display/st7565r/st7565r.o
 .debug_macro   0x00007931       0x66 src/ASF/common/components/display/st7565r/st7565r.o
 .debug_macro   0x00007997      0x708 src/ASF/common/components/display/st7565r/st7565r.o
 .debug_macro   0x0000809f       0x96 src/ASF/common/components/display/st7565r/st7565r.o
 .debug_macro   0x00008135       0x17 src/ASF/common/components/display/st7565r/st7565r.o
 .debug_macro   0x0000814c      0x250 src/ASF/common/components/display/st7565r/st7565r.o
 .debug_macro   0x0000839c       0x76 src/ASF/common/components/display/st7565r/st7565r.o
 .debug_macro   0x00008412       0x16 src/ASF/common/components/display/st7565r/st7565r.o
 .debug_macro   0x00008428      0x6d9 src/ASF/common/components/display/st7565r/st7565r.o
 .debug_macro   0x00008b01       0x10 src/ASF/common/components/display/st7565r/st7565r.o
 .debug_macro   0x00008b11      0x175 src/ASF/common/components/display/st7565r/st7565r.o
 .debug_macro   0x00008c86       0x40 src/ASF/common/components/display/st7565r/st7565r.o
 .debug_macro   0x00008cc6       0x69 src/ASF/common/components/display/st7565r/st7565r.o
 .debug_macro   0x00008d2f       0x31 src/ASF/common/components/display/st7565r/st7565r.o
 .debug_macro   0x00008d60       0xe4 src/ASF/common/components/display/st7565r/st7565r.o
 .debug_macro   0x00008e44       0x22 src/ASF/common/components/display/st7565r/st7565r.o
 .debug_macro   0x00008e66      0x2d8 src/ASF/common/components/display/st7565r/st7565r.o
 .debug_macro   0x0000913e      0x2ff src/ASF/common/components/display/st7565r/st7565r.o
 .debug_macro   0x0000943d       0x79 src/ASF/common/components/display/st7565r/st7565r.o
 .debug_macro   0x000094b6       0x2f src/ASF/common/components/display/st7565r/st7565r.o
 .debug_macro   0x000094e5      0x154 src/ASF/common/components/display/st7565r/st7565r.o
 .debug_macro   0x00009639       0x82 src/ASF/common/components/display/st7565r/st7565r.o
 .debug_macro   0x000096bb      0x102 src/ASF/common/components/display/st7565r/st7565r.o
 .debug_macro   0x000097bd       0x28 src/ASF/common/components/display/st7565r/st7565r.o
 .debug_macro   0x000097e5       0x22 src/ASF/common/components/display/st7565r/st7565r.o
 .debug_macro   0x00009807       0x3a src/ASF/common/components/display/st7565r/st7565r.o
 .debug_macro   0x00009841       0xf6 src/ASF/common/components/display/st7565r/st7565r.o
 .debug_macro   0x00009937       0x34 src/ASF/common/components/display/st7565r/st7565r.o
 .debug_macro   0x0000996b       0x2e src/ASF/common/components/display/st7565r/st7565r.o
 .debug_macro   0x00009999      0x1db src/ASF/common/services/clock/xmega/sysclk.o
 .debug_macro   0x00009b74       0x26 src/ASF/common/services/clock/xmega/sysclk.o
 .debug_macro   0x00009b9a      0x2ba src/ASF/common/services/gfx_mono/gfx_mono_c12832_a1z.o
 .debug_macro   0x00009e54       0x75 src/ASF/common/services/gfx_mono/gfx_mono_c12832_a1z.o
 .debug_macro   0x00009ec9       0x88 src/ASF/common/services/gfx_mono/gfx_mono_c12832_a1z.o
 .debug_macro   0x00009f51      0x2ae src/ASF/common/services/gfx_mono/gfx_mono_framebuffer.o
 .debug_macro   0x0000a1ff      0x302 src/ASF/common/services/gfx_mono/gfx_mono_framebuffer.o
 .debug_macro   0x0000a501      0x2ae src/ASF/common/services/gfx_mono/gfx_mono_generic.o
 .debug_macro   0x0000a7af      0x2d5 src/ASF/common/services/gfx_mono/gfx_mono_text.o
 .debug_macro   0x0000aa84       0xaa src/ASF/common/services/gfx_mono/gfx_mono_text.o
 .debug_macro   0x0000ab2e      0x2db src/ASF/common/services/gfx_mono/sysfont.o
 .debug_macro   0x0000ae09       0x3a src/ASF/common/services/gfx_mono/sysfont.o
 .debug_macro   0x0000ae43      0x193 src/ASF/common/services/ioport/xmega/ioport_compat.o
 .debug_macro   0x0000afd6      0x234 src/ASF/common/services/spi/xmega_usart_spi/usart_spi.o
 .debug_macro   0x0000b20a      0x1b5 src/ASF/xmega/boards/xmega_a3bu_xplained/init.o
 .debug_macro   0x0000b3bf       0x2e src/ASF/xmega/boards/xmega_a3bu_xplained/init.o
 .debug_macro   0x0000b3ed      0x2d2 src/ASF/xmega/boards/xmega_a3bu_xplained/init.o
 .debug_macro   0x0000b6bf      0x221 src/ASF/xmega/drivers/usart/usart.o
 .debug_macro   0x0000b8e0      0x106 src/FreeRTOS/list.o
 .debug_macro   0x0000b9e6      0x119 src/FreeRTOS/portable/GCC/ATXMega256A3BU/port.o
 .debug_macro   0x0000baff       0x8e src/FreeRTOS/portable/GCC/ATXMega256A3BU/port.o
 .debug_macro   0x0000bb8d      0x121 src/FreeRTOS/portable/MemMang/heap_3.o
 .debug_macro   0x0000bcae      0x179 src/FreeRTOS/queue.o
 .debug_macro   0x0000be27       0x20 src/FreeRTOS/queue.o
 .debug_macro   0x0000be47       0xb0 src/FreeRTOS/queue.o
 .debug_macro   0x0000bef7      0x1bc src/FreeRTOS/tasks.o
 .debug_macro   0x0000c0b3       0x16 src/FreeRTOS/tasks.o
 .debug_macro   0x0000c0c9      0x143 src/FreeRTOS/timers.o
 .debug_macro   0x0000c20c      0x485 src/main.o
 .debug_macro   0x0000c691       0x34 src/main.o
 .debug_macro   0x0000c6c5       0x16 src/main.o
 .debug_macro   0x0000c6db       0x46 src/main.o
 .debug_macro   0x0000c721       0x1c src/main.o
 .debug_macro   0x0000c73d       0x58 src/main.o
 .debug_macro   0x0000c795       0x10 src/main.o
 .debug_macro   0x0000c7a5       0xf2 src/main.o
 .debug_macro   0x0000c897       0x7f src/main.o
OUTPUT(sistem_alarm_pintu.elf elf32-avr)
LOAD linker stubs

.BOOT           0x00040000        0x0
